// Jest Snapshot v1, https://goo.gl/fbAQLP

exports[`BannerMessage renders a message as expected with an image 1`] = `
<Modal
  hardwareAccelerated={false}
  transparent={true}
  visible={true}
>
  <RCTSafeAreaView
    emulateUnlessSupported={true}
    style={
      Array [
        Object {
          "flex": 1,
        },
        Object {
          "backgroundColor": "transparent",
          "flex": 1,
          "justifyContent": "flex-start",
        },
      ]
    }
  >
    <View
      style={
        Array [
          Object {
            "backgroundColor": "#fff",
            "elevation": 3,
            "margin": 16,
            "shadowColor": "#000",
            "shadowOffset": Object {
              "height": 2,
              "width": 2,
            },
            "shadowOpacity": 0.1,
            "shadowRadius": 2,
          },
          Object {},
          Object {},
        ]
      }
    >
      <View
        style={
          Object {
            "flexDirection": "row",
            "padding": 12,
          }
        }
      >
        <View
          style={
            Object {
              "justifyContent": "center",
            }
          }
        >
          <Image
            source={
              Object {
                "uri": "asset.png",
              }
            }
            style={
              Array [
                Object {
                  "height": 100,
                  "width": 100,
                },
                undefined,
              ]
            }
            testID="aws-amplify__in-app-messaging--imager"
          />
        </View>
        <View
          style={
            Object {
              "flex": 1,
              "marginHorizontal": 4,
              "paddingLeft": 8,
            }
          }
        />
        <View
          accessible={true}
          collapsable={false}
          focusable={true}
          hitSlop={
            Object {
              "bottom": 10,
              "left": 10,
              "right": 10,
              "top": 10,
            }
          }
          onBlur={[Function]}
          onClick={[Function]}
          onFocus={[Function]}
          onResponderGrant={[Function]}
          onResponderMove={[Function]}
          onResponderRelease={[Function]}
          onResponderTerminate={[Function]}
          onResponderTerminationRequest={[Function]}
          onStartShouldSetResponder={[Function]}
          style={
            Array [
              Object {
                "alignSelf": "flex-start",
                "marginLeft": "auto",
              },
              undefined,
            ]
          }
          testID="aws-amplify__in-app-messaging--close-button"
        >
          <Image
            source={
              Object {
                "testUri": "../../../src/assets/close.png",
              }
            }
            style={
              Object {
                "height": 20,
                "resizeMode": "contain",
                "tintColor": undefined,
                "width": 20,
              }
            }
          />
        </View>
      </View>
    </View>
  </RCTSafeAreaView>
</Modal>
`;

exports[`BannerMessage renders a message as expected without an image 1`] = `
<Modal
  hardwareAccelerated={false}
  transparent={true}
  visible={true}
>
  <RCTSafeAreaView
    emulateUnlessSupported={true}
    style={
      Array [
        Object {
          "flex": 1,
        },
        Object {
          "backgroundColor": "transparent",
          "flex": 1,
          "justifyContent": "flex-start",
        },
      ]
    }
  >
    <View
      style={
        Array [
          Object {
            "backgroundColor": "#fff",
            "elevation": 3,
            "margin": 16,
            "shadowColor": "#000",
            "shadowOffset": Object {
              "height": 2,
              "width": 2,
            },
            "shadowOpacity": 0.1,
            "shadowRadius": 2,
          },
          Object {},
          Object {},
        ]
      }
    >
      <View
        style={
          Object {
            "flexDirection": "row",
            "padding": 12,
          }
        }
      >
        <View
          style={
            Object {
              "flex": 1,
              "marginHorizontal": 4,
              "paddingLeft": 8,
            }
          }
        />
        <View
          accessible={true}
          collapsable={false}
          focusable={true}
          hitSlop={
            Object {
              "bottom": 10,
              "left": 10,
              "right": 10,
              "top": 10,
            }
          }
          onBlur={[Function]}
          onClick={[Function]}
          onFocus={[Function]}
          onResponderGrant={[Function]}
          onResponderMove={[Function]}
          onResponderRelease={[Function]}
          onResponderTerminate={[Function]}
          onResponderTerminationRequest={[Function]}
          onStartShouldSetResponder={[Function]}
          style={
            Array [
              Object {
                "alignSelf": "flex-start",
                "marginLeft": "auto",
              },
              undefined,
            ]
          }
          testID="aws-amplify__in-app-messaging--close-button"
        >
          <Image
            source={
              Object {
                "testUri": "../../../src/assets/close.png",
              }
            }
            style={
              Object {
                "height": 20,
                "resizeMode": "contain",
                "tintColor": undefined,
                "width": 20,
              }
            }
          />
        </View>
      </View>
    </View>
  </RCTSafeAreaView>
</Modal>
`;
