// Jest Snapshot v1, https://goo.gl/fbAQLP

exports[`getMessageStyle returns the expected output in the happy path 1`] = `
Object {
  "body": Object {
    "textAlign": "left",
  },
  "container": Object {
    "backgroundColor": "lightgray",
    "borderRadius": 2,
  },
  "header": Object {
    "textAlign": "center",
  },
  "primaryButton": Object {
    "backgroundColor": "salmon",
    "color": "olive",
  },
  "secondaryButton": Object {
    "backgroundColor": "sand",
    "color": "peru",
  },
}
`;

exports[`getMessageStyle returns the expected output when given empty style values 1`] = `
Object {
  "body": Object {},
  "container": Object {},
  "header": Object {},
  "primaryButton": Object {},
  "secondaryButton": Object {},
}
`;

exports[`getMessageStyleProps returns the expected output in the happy path 1`] = `
Object {
  "body": Array [
    Object {
      "color": "fuschia",
    },
    Object {
      "textAlign": "left",
    },
    Object {
      "color": "white",
    },
  ],
  "buttonsContainer": Object {
    "backgroundColor": "teal",
  },
  "componentWrapper": Array [
    Object {
      "backgroundColor": "gray",
    },
    Object {
      "backgroundColor": "red",
    },
    Object {
      "backgroundColor": "lightgray",
    },
    Object {
      "backgroundColor": "lawngreen",
    },
  ],
  "container": Array [
    Object {
      "borderRadius": 1,
    },
    Object {
      "borderRadius": 2,
    },
    Object {
      "borderRadius": 3,
    },
  ],
  "contentContainer": Object {
    "backgroundColor": "lightblue",
  },
  "header": Array [
    Object {
      "backgroundColor": "purple",
    },
    Object {
      "textAlign": "center",
    },
    Object {
      "backgroundColor": "lightpink",
    },
  ],
  "iconButton": Object {
    "container": Array [
      Object {
        "backgroundColor": "blue",
      },
      Object {
        "backgroundColor": "turquoise",
      },
    ],
    "iconColor": "darkcyan",
  },
  "image": Array [
    Object {
      "backgroundColor": "yellow",
    },
    Object {
      "backgroundColor": "royalblue",
    },
  ],
  "imageContainer": Object {
    "backgroundColor": "green",
  },
  "primaryButton": Object {
    "container": [Function],
    "text": Array [
      Object {
        "color": "pink",
      },
      Object {
        "color": "olive",
      },
      Object {
        "color": "black",
      },
    ],
  },
  "secondaryButton": Object {
    "container": [Function],
    "text": Array [
      Object {
        "color": "pink",
      },
      Object {
        "color": "peru",
      },
      Object {
        "color": "orchid",
      },
    ],
  },
  "textContainer": Object {
    "backgroundColor": "antiquewhite",
  },
}
`;

exports[`getMessageStyleProps returns the expected output when provided null style params 1`] = `
Object {
  "body": Array [
    undefined,
    undefined,
    undefined,
  ],
  "buttonsContainer": undefined,
  "componentWrapper": Array [
    Object {},
    Object {},
    Object {},
    Object {},
  ],
  "container": Array [
    Object {},
    Object {},
    Object {},
  ],
  "contentContainer": undefined,
  "header": Array [
    undefined,
    undefined,
    undefined,
  ],
  "iconButton": Object {
    "container": Array [
      undefined,
      undefined,
    ],
    "iconColor": undefined,
  },
  "image": Array [
    undefined,
    undefined,
  ],
  "imageContainer": undefined,
  "primaryButton": Object {
    "container": [Function],
    "text": Array [
      Object {},
      Object {},
      Object {},
    ],
  },
  "secondaryButton": Object {
    "container": [Function],
    "text": Array [
      Object {},
      Object {},
      Object {},
    ],
  },
  "textContainer": undefined,
}
`;
